
Running 189 tests using 2 workers

(node:25108) Warning: The 'NO_COLOR' env is ignored due to the 'FORCE_COLOR' env being set.
(Use `node --trace-warnings ...` to show where the warning was created)
(node:17944) Warning: The 'NO_COLOR' env is ignored due to the 'FORCE_COLOR' env being set.
(Use `node --trace-warnings ...` to show where the warning was created)
(node:25108) Warning: The 'NO_COLOR' env is ignored due to the 'FORCE_COLOR' env being set.
(Use `node --trace-warnings ...` to show where the warning was created)
(node:17944) Warning: The 'NO_COLOR' env is ignored due to the 'FORCE_COLOR' env being set.
(Use `node --trace-warnings ...` to show where the warning was created)
  ok   2 [local-chromium] › tests\e2e\adventure-interactions.local.spec.ts:59:1 › INT-01: extra pointer does not cancel the active drag; resizing does (3.0s)
  ok   1 [local-chromium] › tests\e2e\adventure-interactions.local.spec.ts:11:1 › COL-01: finger paint stays clipped, survives cancellation and requires a choice (4.3s)
  ok   3 [local-chromium] › tests\e2e\adventure-interactions.local.spec.ts:94:1 › ERR-01: unavailable artwork offers a working retry (2.7s)
  ok   4 [local-chromium] › tests\e2e\adventure-interactions.local.spec.ts:117:3 › A11Y-01 INT-03: v2-letter-bridge accessible with enlarged controls in both orientations (6.1s)
  ok   5 [local-chromium] › tests\e2e\adventure-interactions.local.spec.ts:117:3 › A11Y-01 INT-03: v2-number-breakfast accessible with enlarged controls in both orientations (6.3s)
  ok   6 [local-chromium] › tests\e2e\adventure-interactions.local.spec.ts:117:3 › A11Y-01 INT-03: v2-shape-windmill accessible with enlarged controls in both orientations (8.1s)
  ok   7 [local-chromium] › tests\e2e\adventure-interactions.local.spec.ts:117:3 › A11Y-01 INT-03: v2-color-petals accessible with enlarged controls in both orientations (7.5s)
  ok   8 [local-chromium] › tests\e2e\adventure-interactions.local.spec.ts:117:3 › A11Y-01 INT-03: v2-color-orange accessible with enlarged controls in both orientations (8.0s)
  ok   9 [local-chromium] › tests\e2e\games.local.spec.ts:16:3 › completes quiz game: אותיות (15.5s)
  ok  10 [local-chromium] › tests\e2e\games.local.spec.ts:16:3 › completes quiz game: מספרים (15.5s)
  ok  11 [local-chromium] › tests\e2e\games.local.spec.ts:16:3 › completes quiz game: צורות (14.5s)
  ok  13 [local-chromium] › tests\e2e\games.local.spec.ts:27:1 › marks feedback and advances only correct quiz answers automatically (6.3s)
  ok  12 [local-chromium] › tests\e2e\games.local.spec.ts:16:3 › completes quiz game: צבעים (15.1s)
  ok  14 [local-chromium] › tests\e2e\games.local.spec.ts:50:1 › completes patterns game (8.7s)
  ok  15 [local-chromium] › tests\e2e\games.local.spec.ts:59:1 › completes sorting game (11.9s)
  ok  16 [local-chromium] › tests\e2e\games.local.spec.ts:68:1 › completes matching game (4.3s)
  ok  18 [local-chromium] › tests\e2e\smoke.local.spec.ts:5:3 › local app smoke › opens a focused welcome screen and renders all eight games (2.5s)
  ok  19 [local-chromium] › tests\e2e\smoke.local.spec.ts:14:3 › local app smoke › loads decorative videos without exposing playback controls (3.4s)
  ok  17 [local-chromium] › tests\e2e\games.local.spec.ts:77:1 › completes memory game (7.5s)
  ok  21 [local-chromium] › tests\e2e\smoke.local.spec.ts:44:3 › local app smoke › allows profile setup without a nickname or character preference (3.0s)
  ok  20 [local-chromium] › tests\e2e\smoke.local.spec.ts:28:3 › local app smoke › persists age, difficulty, and voice locally (4.8s)
  ok  22 [local-chromium] › tests\e2e\smoke.local.spec.ts:57:3 › local app smoke › creates an additional profile only after age and difficulty are chosen (3.4s)
  ok  23 [local-chromium] › tests\e2e\smoke.local.spec.ts:77:3 › local app smoke › keeps legal links and full local deletion behind the parental gate (4.4s)
  ok  25 [local-chromium] › tests\e2e\smoke.local.spec.ts:125:3 › local app smoke › keeps the primary action visible at 320 by 568 (2.1s)
  ok  24 [local-chromium] › tests\e2e\smoke.local.spec.ts:112:3 › local app smoke › loads local JSON without third-party network requests (4.9s)
  ok  26 [local-chromium] › tests\e2e\visual.local.spec.ts:8:1 › keeps welcome and menu framed without overflow (5.6s)
(node:33436) Warning: The 'NO_COLOR' env is ignored due to the 'FORCE_COLOR' env being set.
(Use `node --trace-warnings ...` to show where the warning was created)
  ok  27 [local-chromium] › tests\e2e\visual.local.spec.ts:29:1 › renders earned and unearned stars as distinct non-gray rewards (7.4s)
(node:33436) Warning: The 'NO_COLOR' env is ignored due to the 'FORCE_COLOR' env being set.
(Use `node --trace-warnings ...` to show where the warning was created)
(node:27312) Warning: The 'NO_COLOR' env is ignored due to the 'FORCE_COLOR' env being set.
(Use `node --trace-warnings ...` to show where the warning was created)
(node:27312) Warning: The 'NO_COLOR' env is ignored due to the 'FORCE_COLOR' env being set.
(Use `node --trace-warnings ...` to show where the warning was created)
  ok  29 [local-firefox] › tests\e2e\adventure-interactions.local.spec.ts:59:1 › INT-01: extra pointer does not cancel the active drag; resizing does (10.5s)
  ok  28 [local-firefox] › tests\e2e\adventure-interactions.local.spec.ts:11:1 › COL-01: finger paint stays clipped, survives cancellation and requires a choice (13.2s)
  ok  30 [local-firefox] › tests\e2e\adventure-interactions.local.spec.ts:94:1 › ERR-01: unavailable artwork offers a working retry (6.9s)
  ok  31 [local-firefox] › tests\e2e\adventure-interactions.local.spec.ts:117:3 › A11Y-01 INT-03: v2-letter-bridge accessible with enlarged controls in both orientations (12.1s)
  ok  32 [local-firefox] › tests\e2e\adventure-interactions.local.spec.ts:117:3 › A11Y-01 INT-03: v2-number-breakfast accessible with enlarged controls in both orientations (9.5s)
  ok  33 [local-firefox] › tests\e2e\adventure-interactions.local.spec.ts:117:3 › A11Y-01 INT-03: v2-shape-windmill accessible with enlarged controls in both orientations (8.3s)
  ok  34 [local-firefox] › tests\e2e\adventure-interactions.local.spec.ts:117:3 › A11Y-01 INT-03: v2-color-petals accessible with enlarged controls in both orientations (7.8s)
  ok  35 [local-firefox] › tests\e2e\adventure-interactions.local.spec.ts:117:3 › A11Y-01 INT-03: v2-color-orange accessible with enlarged controls in both orientations (9.0s)
  ok  36 [local-firefox] › tests\e2e\games.local.spec.ts:16:3 › completes quiz game: אותיות (15.4s)
  ok  37 [local-firefox] › tests\e2e\games.local.spec.ts:16:3 › completes quiz game: מספרים (15.3s)
  ok  38 [local-firefox] › tests\e2e\games.local.spec.ts:16:3 › completes quiz game: צורות (14.4s)
  ok  39 [local-firefox] › tests\e2e\games.local.spec.ts:16:3 › completes quiz game: צבעים (15.2s)
  ok  40 [local-firefox] › tests\e2e\games.local.spec.ts:27:1 › marks feedback and advances only correct quiz answers automatically (7.1s)
  ok  41 [local-firefox] › tests\e2e\games.local.spec.ts:50:1 › completes patterns game (9.4s)
  ok  42 [local-firefox] › tests\e2e\games.local.spec.ts:59:1 › completes sorting game (11.8s)
  ok  43 [local-firefox] › tests\e2e\games.local.spec.ts:68:1 › completes matching game (4.5s)
  ok  45 [local-firefox] › tests\e2e\smoke.local.spec.ts:5:3 › local app smoke › opens a focused welcome screen and renders all eight games (4.1s)
  ok  44 [local-firefox] › tests\e2e\games.local.spec.ts:77:1 › completes memory game (8.2s)
  ok  46 [local-firefox] › tests\e2e\smoke.local.spec.ts:14:3 › local app smoke › loads decorative videos without exposing playback controls (2.9s)
  ok  48 [local-firefox] › tests\e2e\smoke.local.spec.ts:44:3 › local app smoke › allows profile setup without a nickname or character preference (3.3s)
  ok  47 [local-firefox] › tests\e2e\smoke.local.spec.ts:28:3 › local app smoke › persists age, difficulty, and voice locally (5.6s)
  ok  49 [local-firefox] › tests\e2e\smoke.local.spec.ts:57:3 › local app smoke › creates an additional profile only after age and difficulty are chosen (4.8s)
  ok  50 [local-firefox] › tests\e2e\smoke.local.spec.ts:77:3 › local app smoke › keeps legal links and full local deletion behind the parental gate (5.3s)
  ok  52 [local-firefox] › tests\e2e\smoke.local.spec.ts:125:3 › local app smoke › keeps the primary action visible at 320 by 568 (2.7s)
  ok  51 [local-firefox] › tests\e2e\smoke.local.spec.ts:112:3 › local app smoke › loads local JSON without third-party network requests (5.6s)
  -   54 [local-firefox] › tests\e2e\visual.local.spec.ts:29:1 › renders earned and unearned stars as distinct non-gray rewards
  ok  53 [local-firefox] › tests\e2e\visual.local.spec.ts:8:1 › keeps welcome and menu framed without overflow (4.2s)
(node:26584) Warning: The 'NO_COLOR' env is ignored due to the 'FORCE_COLOR' env being set.
(Use `node --trace-warnings ...` to show where the warning was created)
(node:26584) Warning: The 'NO_COLOR' env is ignored due to the 'FORCE_COLOR' env being set.
(Use `node --trace-warnings ...` to show where the warning was created)
(node:33796) Warning: The 'NO_COLOR' env is ignored due to the 'FORCE_COLOR' env being set.
(Use `node --trace-warnings ...` to show where the warning was created)
(node:33796) Warning: The 'NO_COLOR' env is ignored due to the 'FORCE_COLOR' env being set.
(Use `node --trace-warnings ...` to show where the warning was created)
  ok  56 [local-webkit] › tests\e2e\adventure-interactions.local.spec.ts:59:1 › INT-01: extra pointer does not cancel the active drag; resizing does (8.4s)
  ok  55 [local-webkit] › tests\e2e\adventure-interactions.local.spec.ts:11:1 › COL-01: finger paint stays clipped, survives cancellation and requires a choice (11.1s)
  ok  57 [local-webkit] › tests\e2e\adventure-interactions.local.spec.ts:94:1 › ERR-01: unavailable artwork offers a working retry (7.1s)
  ok  58 [local-webkit] › tests\e2e\adventure-interactions.local.spec.ts:117:3 › A11Y-01 INT-03: v2-letter-bridge accessible with enlarged controls in both orientations (12.8s)
  ok  59 [local-webkit] › tests\e2e\adventure-interactions.local.spec.ts:117:3 › A11Y-01 INT-03: v2-number-breakfast accessible with enlarged controls in both orientations (14.5s)
  ok  60 [local-webkit] › tests\e2e\adventure-interactions.local.spec.ts:117:3 › A11Y-01 INT-03: v2-shape-windmill accessible with enlarged controls in both orientations (13.1s)
  ok  61 [local-webkit] › tests\e2e\adventure-interactions.local.spec.ts:117:3 › A11Y-01 INT-03: v2-color-petals accessible with enlarged controls in both orientations (12.6s)
  ok  62 [local-webkit] › tests\e2e\adventure-interactions.local.spec.ts:117:3 › A11Y-01 INT-03: v2-color-orange accessible with enlarged controls in both orientations (14.8s)
  ok  63 [local-webkit] › tests\e2e\games.local.spec.ts:16:3 › completes quiz game: אותיות (22.8s)
  ok  64 [local-webkit] › tests\e2e\games.local.spec.ts:16:3 › completes quiz game: מספרים (24.0s)
  ok  65 [local-webkit] › tests\e2e\games.local.spec.ts:16:3 › completes quiz game: צורות (23.9s)
  ok  66 [local-webkit] › tests\e2e\games.local.spec.ts:16:3 › completes quiz game: צבעים (21.8s)
  ok  67 [local-webkit] › tests\e2e\games.local.spec.ts:27:1 › marks feedback and advances only correct quiz answers automatically (17.7s)
  ok  68 [local-webkit] › tests\e2e\games.local.spec.ts:50:1 › completes patterns game (14.5s)
  ok  70 [local-webkit] › tests\e2e\games.local.spec.ts:68:1 › completes matching game (9.0s)
  ok  69 [local-webkit] › tests\e2e\games.local.spec.ts:59:1 › completes sorting game (17.2s)
  ok  72 [local-webkit] › tests\e2e\smoke.local.spec.ts:5:3 › local app smoke › opens a focused welcome screen and renders all eight games (5.1s)
  ok  71 [local-webkit] › tests\e2e\games.local.spec.ts:77:1 › completes memory game (14.9s)
  ok  73 [local-webkit] › tests\e2e\smoke.local.spec.ts:14:3 › local app smoke › loads decorative videos without exposing playback controls (5.2s)
  ok  75 [local-webkit] › tests\e2e\smoke.local.spec.ts:44:3 › local app smoke › allows profile setup without a nickname or character preference (5.5s)
  ok  74 [local-webkit] › tests\e2e\smoke.local.spec.ts:28:3 › local app smoke › persists age, difficulty, and voice locally (11.0s)
  ok  76 [local-webkit] › tests\e2e\smoke.local.spec.ts:57:3 › local app smoke › creates an additional profile only after age and difficulty are chosen (9.2s)
  ok  77 [local-webkit] › tests\e2e\smoke.local.spec.ts:77:3 › local app smoke › keeps legal links and full local deletion behind the parental gate (9.7s)
  ok  79 [local-webkit] › tests\e2e\smoke.local.spec.ts:125:3 › local app smoke › keeps the primary action visible at 320 by 568 (2.9s)
  ok  78 [local-webkit] › tests\e2e\smoke.local.spec.ts:112:3 › local app smoke › loads local JSON without third-party network requests (15.1s)
  -   81 [local-webkit] › tests\e2e\visual.local.spec.ts:29:1 › renders earned and unearned stars as distinct non-gray rewards
(node:19212) Warning: The 'NO_COLOR' env is ignored due to the 'FORCE_COLOR' env being set.
(Use `node --trace-warnings ...` to show where the warning was created)
(node:19212) Warning: The 'NO_COLOR' env is ignored due to the 'FORCE_COLOR' env being set.
(Use `node --trace-warnings ...` to show where the warning was created)
  ok  80 [local-webkit] › tests\e2e\visual.local.spec.ts:8:1 › keeps welcome and menu framed without overflow (9.6s)
(node:29204) Warning: The 'NO_COLOR' env is ignored due to the 'FORCE_COLOR' env being set.
(Use `node --trace-warnings ...` to show where the warning was created)
(node:29204) Warning: The 'NO_COLOR' env is ignored due to the 'FORCE_COLOR' env being set.
(Use `node --trace-warnings ...` to show where the warning was created)
  ok  82 [mobile-chrome] › tests\e2e\adventure-interactions.local.spec.ts:11:1 › COL-01: finger paint stays clipped, survives cancellation and requires a choice (5.5s)
  ok  83 [mobile-chrome] › tests\e2e\adventure-interactions.local.spec.ts:59:1 › INT-01: extra pointer does not cancel the active drag; resizing does (4.2s)
  ok  84 [mobile-chrome] › tests\e2e\adventure-interactions.local.spec.ts:94:1 › ERR-01: unavailable artwork offers a working retry (2.8s)
  ok  85 [mobile-chrome] › tests\e2e\adventure-interactions.local.spec.ts:117:3 › A11Y-01 INT-03: v2-letter-bridge accessible with enlarged controls in both orientations (7.1s)
  ok  86 [mobile-chrome] › tests\e2e\adventure-interactions.local.spec.ts:117:3 › A11Y-01 INT-03: v2-number-breakfast accessible with enlarged controls in both orientations (7.0s)
  ok  87 [mobile-chrome] › tests\e2e\adventure-interactions.local.spec.ts:117:3 › A11Y-01 INT-03: v2-shape-windmill accessible with enlarged controls in both orientations (7.3s)
  ok  88 [mobile-chrome] › tests\e2e\adventure-interactions.local.spec.ts:117:3 › A11Y-01 INT-03: v2-color-petals accessible with enlarged controls in both orientations (6.9s)
  ok  89 [mobile-chrome] › tests\e2e\adventure-interactions.local.spec.ts:117:3 › A11Y-01 INT-03: v2-color-orange accessible with enlarged controls in both orientations (7.7s)
  ok  90 [mobile-chrome] › tests\e2e\games.local.spec.ts:16:3 › completes quiz game: אותיות (15.9s)
  ok  91 [mobile-chrome] › tests\e2e\games.local.spec.ts:16:3 › completes quiz game: מספרים (15.4s)
  ok  92 [mobile-chrome] › tests\e2e\games.local.spec.ts:16:3 › completes quiz game: צורות (14.8s)
  ok  93 [mobile-chrome] › tests\e2e\games.local.spec.ts:16:3 › completes quiz game: צבעים (15.0s)
  ok  94 [mobile-chrome] › tests\e2e\games.local.spec.ts:27:1 › marks feedback and advances only correct quiz answers automatically (8.2s)
  ok  95 [mobile-chrome] › tests\e2e\games.local.spec.ts:50:1 › completes patterns game (9.5s)
  ok  96 [mobile-chrome] › tests\e2e\games.local.spec.ts:59:1 › completes sorting game (12.2s)
  ok  97 [mobile-chrome] › tests\e2e\games.local.spec.ts:68:1 › completes matching game (4.8s)
  ok  99 [mobile-chrome] › tests\e2e\smoke.local.spec.ts:5:3 › local app smoke › opens a focused welcome screen and renders all eight games (4.1s)
  ok  98 [mobile-chrome] › tests\e2e\games.local.spec.ts:77:1 › completes memory game (7.8s)
  ok 100 [mobile-chrome] › tests\e2e\smoke.local.spec.ts:14:3 › local app smoke › loads decorative videos without exposing playback controls (3.1s)
  ok 102 [mobile-chrome] › tests\e2e\smoke.local.spec.ts:44:3 › local app smoke › allows profile setup without a nickname or character preference (2.9s)
  ok 101 [mobile-chrome] › tests\e2e\smoke.local.spec.ts:28:3 › local app smoke › persists age, difficulty, and voice locally (3.8s)
  ok 103 [mobile-chrome] › tests\e2e\smoke.local.spec.ts:57:3 › local app smoke › creates an additional profile only after age and difficulty are chosen (3.8s)
  ok 104 [mobile-chrome] › tests\e2e\smoke.local.spec.ts:77:3 › local app smoke › keeps legal links and full local deletion behind the parental gate (3.9s)
  ok 106 [mobile-chrome] › tests\e2e\smoke.local.spec.ts:125:3 › local app smoke › keeps the primary action visible at 320 by 568 (2.3s)
  ok 105 [mobile-chrome] › tests\e2e\smoke.local.spec.ts:112:3 › local app smoke › loads local JSON without third-party network requests (5.6s)
  -  108 [mobile-chrome] › tests\e2e\visual.local.spec.ts:29:1 › renders earned and unearned stars as distinct non-gray rewards
(node:34196) Warning: The 'NO_COLOR' env is ignored due to the 'FORCE_COLOR' env being set.
(Use `node --trace-warnings ...` to show where the warning was created)
(node:34196) Warning: The 'NO_COLOR' env is ignored due to the 'FORCE_COLOR' env being set.
(Use `node --trace-warnings ...` to show where the warning was created)
  ok 107 [mobile-chrome] › tests\e2e\visual.local.spec.ts:8:1 › keeps welcome and menu framed without overflow (10.0s)
(node:18368) Warning: The 'NO_COLOR' env is ignored due to the 'FORCE_COLOR' env being set.
(Use `node --trace-warnings ...` to show where the warning was created)
(node:18368) Warning: The 'NO_COLOR' env is ignored due to the 'FORCE_COLOR' env being set.
(Use `node --trace-warnings ...` to show where the warning was created)
  ok 109 [mobile-safari] › tests\e2e\adventure-interactions.local.spec.ts:11:1 › COL-01: finger paint stays clipped, survives cancellation and requires a choice (10.4s)
  ok 110 [mobile-safari] › tests\e2e\adventure-interactions.local.spec.ts:59:1 › INT-01: extra pointer does not cancel the active drag; resizing does (7.1s)
  ok 111 [mobile-safari] › tests\e2e\adventure-interactions.local.spec.ts:94:1 › ERR-01: unavailable artwork offers a working retry (7.8s)
  ok 112 [mobile-safari] › tests\e2e\adventure-interactions.local.spec.ts:117:3 › A11Y-01 INT-03: v2-letter-bridge accessible with enlarged controls in both orientations (13.1s)
  ok 113 [mobile-safari] › tests\e2e\adventure-interactions.local.spec.ts:117:3 › A11Y-01 INT-03: v2-number-breakfast accessible with enlarged controls in both orientations (12.9s)
  ok 114 [mobile-safari] › tests\e2e\adventure-interactions.local.spec.ts:117:3 › A11Y-01 INT-03: v2-shape-windmill accessible with enlarged controls in both orientations (12.1s)
  ok 115 [mobile-safari] › tests\e2e\adventure-interactions.local.spec.ts:117:3 › A11Y-01 INT-03: v2-color-petals accessible with enlarged controls in both orientations (11.8s)
  ok 116 [mobile-safari] › tests\e2e\adventure-interactions.local.spec.ts:117:3 › A11Y-01 INT-03: v2-color-orange accessible with enlarged controls in both orientations (13.6s)
  ok 117 [mobile-safari] › tests\e2e\games.local.spec.ts:16:3 › completes quiz game: אותיות (21.4s)
  ok 118 [mobile-safari] › tests\e2e\games.local.spec.ts:16:3 › completes quiz game: מספרים (22.2s)
  ok 119 [mobile-safari] › tests\e2e\games.local.spec.ts:16:3 › completes quiz game: צורות (21.1s)
  ok 120 [mobile-safari] › tests\e2e\games.local.spec.ts:16:3 › completes quiz game: צבעים (21.6s)
  ok 121 [mobile-safari] › tests\e2e\games.local.spec.ts:27:1 › marks feedback and advances only correct quiz answers automatically (17.7s)
  ok 122 [mobile-safari] › tests\e2e\games.local.spec.ts:50:1 › completes patterns game (12.2s)
  ok 124 [mobile-safari] › tests\e2e\games.local.spec.ts:68:1 › completes matching game (6.0s)
  ok 123 [mobile-safari] › tests\e2e\games.local.spec.ts:59:1 › completes sorting game (15.6s)
  ok 126 [mobile-safari] › tests\e2e\smoke.local.spec.ts:5:3 › local app smoke › opens a focused welcome screen and renders all eight games (4.3s)
  ok 125 [mobile-safari] › tests\e2e\games.local.spec.ts:77:1 › completes memory game (11.8s)
  ok 127 [mobile-safari] › tests\e2e\smoke.local.spec.ts:14:3 › local app smoke › loads decorative videos without exposing playback controls (5.0s)
  ok 129 [mobile-safari] › tests\e2e\smoke.local.spec.ts:44:3 › local app smoke › allows profile setup without a nickname or character preference (4.7s)
  ok 128 [mobile-safari] › tests\e2e\smoke.local.spec.ts:28:3 › local app smoke › persists age, difficulty, and voice locally (10.9s)
  ok 130 [mobile-safari] › tests\e2e\smoke.local.spec.ts:57:3 › local app smoke › creates an additional profile only after age and difficulty are chosen (8.1s)
  ok 131 [mobile-safari] › tests\e2e\smoke.local.spec.ts:77:3 › local app smoke › keeps legal links and full local deletion behind the parental gate (8.0s)
  ok 133 [mobile-safari] › tests\e2e\smoke.local.spec.ts:125:3 › local app smoke › keeps the primary action visible at 320 by 568 (1.9s)
  ok 132 [mobile-safari] › tests\e2e\smoke.local.spec.ts:112:3 › local app smoke › loads local JSON without third-party network requests (9.4s)
  -  135 [mobile-safari] › tests\e2e\visual.local.spec.ts:29:1 › renders earned and unearned stars as distinct non-gray rewards
(node:15220) Warning: The 'NO_COLOR' env is ignored due to the 'FORCE_COLOR' env being set.
(Use `node --trace-warnings ...` to show where the warning was created)
(node:15220) Warning: The 'NO_COLOR' env is ignored due to the 'FORCE_COLOR' env being set.
(Use `node --trace-warnings ...` to show where the warning was created)
  ok 134 [mobile-safari] › tests\e2e\visual.local.spec.ts:8:1 › keeps welcome and menu framed without overflow (9.0s)
(node:33976) Warning: The 'NO_COLOR' env is ignored due to the 'FORCE_COLOR' env being set.
(Use `node --trace-warnings ...` to show where the warning was created)
(node:33976) Warning: The 'NO_COLOR' env is ignored due to the 'FORCE_COLOR' env being set.
(Use `node --trace-warnings ...` to show where the warning was created)
  ok 136 [mobile-android-tablet] › tests\e2e\adventure-interactions.local.spec.ts:11:1 › COL-01: finger paint stays clipped, survives cancellation and requires a choice (6.4s)
  ok 138 [mobile-android-tablet] › tests\e2e\adventure-interactions.local.spec.ts:94:1 › ERR-01: unavailable artwork offers a working retry (3.1s)
  ok 137 [mobile-android-tablet] › tests\e2e\adventure-interactions.local.spec.ts:59:1 › INT-01: extra pointer does not cancel the active drag; resizing does (5.7s)
  ok 139 [mobile-android-tablet] › tests\e2e\adventure-interactions.local.spec.ts:117:3 › A11Y-01 INT-03: v2-letter-bridge accessible with enlarged controls in both orientations (8.0s)
  ok 140 [mobile-android-tablet] › tests\e2e\adventure-interactions.local.spec.ts:117:3 › A11Y-01 INT-03: v2-number-breakfast accessible with enlarged controls in both orientations (7.9s)
  ok 141 [mobile-android-tablet] › tests\e2e\adventure-interactions.local.spec.ts:117:3 › A11Y-01 INT-03: v2-shape-windmill accessible with enlarged controls in both orientations (7.2s)
  ok 142 [mobile-android-tablet] › tests\e2e\adventure-interactions.local.spec.ts:117:3 › A11Y-01 INT-03: v2-color-petals accessible with enlarged controls in both orientations (6.9s)
  ok 143 [mobile-android-tablet] › tests\e2e\adventure-interactions.local.spec.ts:117:3 › A11Y-01 INT-03: v2-color-orange accessible with enlarged controls in both orientations (9.3s)
  ok 144 [mobile-android-tablet] › tests\e2e\games.local.spec.ts:16:3 › completes quiz game: אותיות (17.6s)
  ok 145 [mobile-android-tablet] › tests\e2e\games.local.spec.ts:16:3 › completes quiz game: מספרים (18.0s)
  ok 146 [mobile-android-tablet] › tests\e2e\games.local.spec.ts:16:3 › completes quiz game: צורות (17.4s)
  ok 148 [mobile-android-tablet] › tests\e2e\games.local.spec.ts:27:1 › marks feedback and advances only correct quiz answers automatically (8.5s)
  ok 147 [mobile-android-tablet] › tests\e2e\games.local.spec.ts:16:3 › completes quiz game: צבעים (18.3s)
  ok 149 [mobile-android-tablet] › tests\e2e\games.local.spec.ts:50:1 › completes patterns game (13.0s)
  ok 150 [mobile-android-tablet] › tests\e2e\games.local.spec.ts:59:1 › completes sorting game (14.9s)
  ok 151 [mobile-android-tablet] › tests\e2e\games.local.spec.ts:68:1 › completes matching game (7.3s)
  ok 153 [mobile-android-tablet] › tests\e2e\smoke.local.spec.ts:5:3 › local app smoke › opens a focused welcome screen and renders all eight games (4.8s)
  ok 152 [mobile-android-tablet] › tests\e2e\games.local.spec.ts:77:1 › completes memory game (10.5s)
  ok 154 [mobile-android-tablet] › tests\e2e\smoke.local.spec.ts:14:3 › local app smoke › loads decorative videos without exposing playback controls (5.2s)
  ok 155 [mobile-android-tablet] › tests\e2e\smoke.local.spec.ts:28:3 › local app smoke › persists age, difficulty, and voice locally (5.3s)
  ok 156 [mobile-android-tablet] › tests\e2e\smoke.local.spec.ts:44:3 › local app smoke › allows profile setup without a nickname or character preference (4.5s)
  ok 157 [mobile-android-tablet] › tests\e2e\smoke.local.spec.ts:57:3 › local app smoke › creates an additional profile only after age and difficulty are chosen (5.7s)
  ok 158 [mobile-android-tablet] › tests\e2e\smoke.local.spec.ts:77:3 › local app smoke › keeps legal links and full local deletion behind the parental gate (7.1s)
  ok 160 [mobile-android-tablet] › tests\e2e\smoke.local.spec.ts:125:3 › local app smoke › keeps the primary action visible at 320 by 568 (1.8s)
  ok 159 [mobile-android-tablet] › tests\e2e\smoke.local.spec.ts:112:3 › local app smoke › loads local JSON without third-party network requests (6.9s)
  -  162 [mobile-android-tablet] › tests\e2e\visual.local.spec.ts:29:1 › renders earned and unearned stars as distinct non-gray rewards
(node:4760) Warning: The 'NO_COLOR' env is ignored due to the 'FORCE_COLOR' env being set.
(Use `node --trace-warnings ...` to show where the warning was created)
(node:4760) Warning: The 'NO_COLOR' env is ignored due to the 'FORCE_COLOR' env being set.
(Use `node --trace-warnings ...` to show where the warning was created)
  ok 161 [mobile-android-tablet] › tests\e2e\visual.local.spec.ts:8:1 › keeps welcome and menu framed without overflow (11.0s)
(node:12296) Warning: The 'NO_COLOR' env is ignored due to the 'FORCE_COLOR' env being set.
(Use `node --trace-warnings ...` to show where the warning was created)
(node:12296) Warning: The 'NO_COLOR' env is ignored due to the 'FORCE_COLOR' env being set.
(Use `node --trace-warnings ...` to show where the warning was created)
  ok 163 [mobile-ipad] › tests\e2e\adventure-interactions.local.spec.ts:11:1 › COL-01: finger paint stays clipped, survives cancellation and requires a choice (11.2s)
  ok 164 [mobile-ipad] › tests\e2e\adventure-interactions.local.spec.ts:59:1 › INT-01: extra pointer does not cancel the active drag; resizing does (9.3s)
  ok 165 [mobile-ipad] › tests\e2e\adventure-interactions.local.spec.ts:94:1 › ERR-01: unavailable artwork offers a working retry (8.4s)
  ok 166 [mobile-ipad] › tests\e2e\adventure-interactions.local.spec.ts:117:3 › A11Y-01 INT-03: v2-letter-bridge accessible with enlarged controls in both orientations (16.2s)
  ok 167 [mobile-ipad] › tests\e2e\adventure-interactions.local.spec.ts:117:3 › A11Y-01 INT-03: v2-number-breakfast accessible with enlarged controls in both orientations (15.9s)
  ok 168 [mobile-ipad] › tests\e2e\adventure-interactions.local.spec.ts:117:3 › A11Y-01 INT-03: v2-shape-windmill accessible with enlarged controls in both orientations (16.4s)
  ok 169 [mobile-ipad] › tests\e2e\adventure-interactions.local.spec.ts:117:3 › A11Y-01 INT-03: v2-color-petals accessible with enlarged controls in both orientations (16.7s)
  ok 170 [mobile-ipad] › tests\e2e\adventure-interactions.local.spec.ts:117:3 › A11Y-01 INT-03: v2-color-orange accessible with enlarged controls in both orientations (17.1s)
  ok 171 [mobile-ipad] › tests\e2e\games.local.spec.ts:16:3 › completes quiz game: אותיות (25.4s)
  ok 172 [mobile-ipad] › tests\e2e\games.local.spec.ts:16:3 › completes quiz game: מספרים (26.9s)
  ok 173 [mobile-ipad] › tests\e2e\games.local.spec.ts:16:3 › completes quiz game: צורות (25.4s)
  ok 174 [mobile-ipad] › tests\e2e\games.local.spec.ts:16:3 › completes quiz game: צבעים (24.4s)
  ok 175 [mobile-ipad] › tests\e2e\games.local.spec.ts:27:1 › marks feedback and advances only correct quiz answers automatically (19.2s)
  ok 176 [mobile-ipad] › tests\e2e\games.local.spec.ts:50:1 › completes patterns game (15.2s)
  ok 177 [mobile-ipad] › tests\e2e\games.local.spec.ts:59:1 › completes sorting game (17.7s)
  ok 178 [mobile-ipad] › tests\e2e\games.local.spec.ts:68:1 › completes matching game (9.7s)
  ok 180 [mobile-ipad] › tests\e2e\smoke.local.spec.ts:5:3 › local app smoke › opens a focused welcome screen and renders all eight games (5.8s)
  ok 179 [mobile-ipad] › tests\e2e\games.local.spec.ts:77:1 › completes memory game (15.3s)
  ok 181 [mobile-ipad] › tests\e2e\smoke.local.spec.ts:14:3 › local app smoke › loads decorative videos without exposing playback controls (5.2s)
  ok 183 [mobile-ipad] › tests\e2e\smoke.local.spec.ts:44:3 › local app smoke › allows profile setup without a nickname or character preference (5.5s)
  ok 182 [mobile-ipad] › tests\e2e\smoke.local.spec.ts:28:3 › local app smoke › persists age, difficulty, and voice locally (12.0s)
  ok 184 [mobile-ipad] › tests\e2e\smoke.local.spec.ts:57:3 › local app smoke › creates an additional profile only after age and difficulty are chosen (9.5s)
  ok 185 [mobile-ipad] › tests\e2e\smoke.local.spec.ts:77:3 › local app smoke › keeps legal links and full local deletion behind the parental gate (9.9s)
  ok 187 [mobile-ipad] › tests\e2e\smoke.local.spec.ts:125:3 › local app smoke › keeps the primary action visible at 320 by 568 (1.8s)
  ok 186 [mobile-ipad] › tests\e2e\smoke.local.spec.ts:112:3 › local app smoke › loads local JSON without third-party network requests (12.0s)
  -  189 [mobile-ipad] › tests\e2e\visual.local.spec.ts:29:1 › renders earned and unearned stars as distinct non-gray rewards
  ok 188 [mobile-ipad] › tests\e2e\visual.local.spec.ts:8:1 › keeps welcome and menu framed without overflow (6.5s)

  6 skipped
  183 passed (15.7m)
